.github
.idea
.obsidian
.vscode
Images/old_*
Images/keyboard_arrow_down.png
node_modules/*
Screenshots/*
Scripts/check-webstore-version.cjs
Scripts/update-config-production.cjs
Scripts/update-manifest-version.cjs
Scripts/Injection/DragHelper.js
Scripts/Injection/inject.js
Scripts/Injection/InjectHelper.js
Scripts/Injection/InjectUtils.js
Scripts/Injection/RouteHelper.js
.gitignore
CHANGELOG.md
CONTRIBUTING.md
exclude.lst
host_permission_justification.txt
package.json
package-lock.json
README.md
release.config.cjs
SECURITY.md
webpack.config.js
*.DS_Store
*.zip
